********************************************************************************
Field Output Report, written Wed Dec 10 19:12:19 2025

Source 1
---------

   ODB: M:/Documents/abacusfinal/Job-4.odb
   Step: Load
   Frame: Increment      1: Step Time =    1.000

Loc 1 : Centroidal values from source 1

Output sorted by column "Element Label".

Field Output reported at element centroid for part: TRUSS-1

   Element Label     E.Max. In-P  E.Max. In-P(a)     E.Min. In-P     E.Max. Prin  E.Max. Prin(a)     E.Min. Prin           E.E11         S.Mises     S.Max. In-P  S.Max. In-P(a)     S.Min. In-P     S.Max. Prin  S.Max. Prin(a)     S.Min. Prin        S.Tresca      S.Pressure     S.Third Inv           S.S11
                          @Loc 1          @Loc 1          @Loc 1          @Loc 1          @Loc 1          @Loc 1          @Loc 1          @Loc 1          @Loc 1          @Loc 1          @Loc 1          @Loc 1          @Loc 1          @Loc 1          @Loc 1          @Loc 1          @Loc 1          @Loc 1
-----------------------------------------------------------------------------------------------------------------------------------------------------------------------------------------------------------------------------------------------------------------------------------------------------------------
               1              0.    -3.12500E-09    -3.12500E-09              0.    -3.12500E-09    -3.12500E-09    -3.12500E-09          656.25              0.         -656.25         -656.25              0.         -656.25         -656.25          656.25          218.75         -656.25         -656.25
               2              0.    -5.20833E-09    -5.20833E-09              0.    -5.20833E-09    -5.20833E-09    -5.20833E-09     1.09375E+03              0.    -1.09375E+03    -1.09375E+03              0.    -1.09375E+03    -1.09375E+03     1.09375E+03         364.583    -1.09375E+03    -1.09375E+03
               3     3.12500E-09     3.12500E-09              0.     3.12500E-09     3.12500E-09              0.     3.12500E-09          656.25          656.25          656.25              0.          656.25          656.25              0.          656.25         -218.75          656.25          656.25
               4     4.16667E-09     4.16667E-09              0.     4.16667E-09     4.16667E-09              0.     4.16667E-09            875.            875.            875.              0.            875.            875.              0.            875.        -291.667            875.            875.
               5     1.90476E-09     1.90476E-09              0.     1.90476E-09     1.90476E-09              0.     1.90476E-09            400.            400.            400.              0.            400.            400.              0.            400.        -133.333            400.            400.
               6     3.03571E-09     3.03571E-09              0.     3.03571E-09     3.03571E-09              0.     3.03571E-09           637.5           637.5           637.5              0.           637.5           637.5              0.           637.5          -212.5           637.5           637.5
               7     148.810E-12     148.810E-12              0.     148.810E-12     148.810E-12              0.     148.810E-12           31.25           31.25           31.25              0.           31.25           31.25              0.           31.25        -10.4167           31.25           31.25
               8              0.    -2.52976E-09    -2.52976E-09              0.    -2.52976E-09    -2.52976E-09    -2.52976E-09          531.25              0.         -531.25         -531.25              0.         -531.25         -531.25          531.25         177.083         -531.25         -531.25
               9              0.    -1.51786E-09    -1.51786E-09              0.    -1.51786E-09    -1.51786E-09    -1.51786E-09          318.75              0.         -318.75         -318.75              0.         -318.75         -318.75          318.75          106.25         -318.75         -318.75
              10              0.    -2.52976E-09    -2.52976E-09              0.    -2.52976E-09    -2.52976E-09    -2.52976E-09          531.25              0.         -531.25         -531.25              0.         -531.25         -531.25          531.25         177.083         -531.25         -531.25
              11     1.51786E-09     1.51786E-09              0.     1.51786E-09     1.51786E-09              0.     1.51786E-09          318.75          318.75          318.75              0.          318.75          318.75              0.          318.75         -106.25          318.75          318.75
              12     2.02381E-09     2.02381E-09              0.     2.02381E-09     2.02381E-09              0.     2.02381E-09            425.            425.            425.              0.            425.            425.              0.            425.        -141.667            425.            425.
              13     3.03571E-09     3.03571E-09              0.     3.03571E-09     3.03571E-09              0.     3.03571E-09           637.5           637.5           637.5              0.           637.5           637.5              0.           637.5          -212.5           637.5           637.5


  Minimum                     0.    -5.20833E-09    -5.20833E-09              0.    -5.20833E-09    -5.20833E-09    -5.20833E-09           31.25              0.    -1.09375E+03    -1.09375E+03              0.    -1.09375E+03    -1.09375E+03           31.25        -291.667    -1.09375E+03    -1.09375E+03
      At Element              10               2               2              10               2               2               2               7              10               2               2              10               2               2               7               4               2               2

  Maximum            4.16667E-09     4.16667E-09              0.     4.16667E-09     4.16667E-09              0.     4.16667E-09     1.09375E+03            875.            875.              0.            875.            875.              0.     1.09375E+03         364.583            875.            875.
      At Element               4               4              13               4               4              13               4               2               4               4              13               4               4              13               2               2               4               4

           Total     18.9583E-09     4.04762E-09    -14.9107E-09     18.9583E-09     4.04762E-09    -14.9107E-09     4.04762E-09      7.1125E+03     3.98125E+03            850.    -3.13125E+03     3.98125E+03            850.    -3.13125E+03      7.1125E+03        -283.333            850.            850.


********************************************************************************
Field Output Report, written Wed Dec 10 21:25:58 2025

Source 1
---------

   ODB: M:/Documents/abacusfinal/Job-4.odb
   Step: Load
   Frame: Increment      1: Step Time =    1.000

Loc 1 : Integration point values from source 1

Output sorted by column "Element Label".

Field Output reported at integration points for part: TRUSS-1

   Element Label             Int         S.Mises     S.Max. In-P  S.Max. In-P(a)     S.Min. In-P     S.Max. Prin  S.Max. Prin(a)     S.Min. Prin        S.Tresca      S.Pressure     S.Third Inv           S.S11
                              Pt          @Loc 1          @Loc 1          @Loc 1          @Loc 1          @Loc 1          @Loc 1          @Loc 1          @Loc 1          @Loc 1          @Loc 1          @Loc 1
-----------------------------------------------------------------------------------------------------------------------------------------------------------------------------------------------------------------
               1               1          656.25              0.         -656.25         -656.25              0.         -656.25         -656.25          656.25          218.75         -656.25         -656.25
               2               1     1.09375E+03              0.    -1.09375E+03    -1.09375E+03              0.    -1.09375E+03    -1.09375E+03     1.09375E+03         364.583    -1.09375E+03    -1.09375E+03
               3               1          656.25          656.25          656.25              0.          656.25          656.25              0.          656.25         -218.75          656.25          656.25
               4               1            875.            875.            875.              0.            875.            875.              0.            875.        -291.667            875.            875.
               5               1            400.            400.            400.              0.            400.            400.              0.            400.        -133.333            400.            400.
               6               1           637.5           637.5           637.5              0.           637.5           637.5              0.           637.5          -212.5           637.5           637.5
               7               1           31.25           31.25           31.25              0.           31.25           31.25              0.           31.25        -10.4167           31.25           31.25
               8               1          531.25              0.         -531.25         -531.25              0.         -531.25         -531.25          531.25         177.083         -531.25         -531.25
               9               1          318.75              0.         -318.75         -318.75              0.         -318.75         -318.75          318.75          106.25         -318.75         -318.75
              10               1          531.25              0.         -531.25         -531.25              0.         -531.25         -531.25          531.25         177.083         -531.25         -531.25
              11               1          318.75          318.75          318.75              0.          318.75          318.75              0.          318.75         -106.25          318.75          318.75
              12               1            425.            425.            425.              0.            425.            425.              0.            425.        -141.667            425.            425.
              13               1           637.5           637.5           637.5              0.           637.5           637.5              0.           637.5          -212.5           637.5           637.5


  Minimum                                  31.25              0.    -1.09375E+03    -1.09375E+03              0.    -1.09375E+03    -1.09375E+03           31.25        -291.667    -1.09375E+03    -1.09375E+03
      At Element                               7              10               2               2              10               2               2               7               4               2               2
          Int Pt                               1               1               1               1               1               1               1               1               1               1               1

  Maximum                            1.09375E+03            875.            875.              0.            875.            875.              0.     1.09375E+03         364.583            875.            875.
      At Element                               2               4               4              13               4               4              13               2               2               4               4
          Int Pt                               1               1               1               1               1               1               1               1               1               1               1

           Total                      7.1125E+03     3.98125E+03            850.    -3.13125E+03     3.98125E+03            850.    -3.13125E+03      7.1125E+03        -283.333            850.            850.


********************************************************************************
Field Output Report, written Wed Dec 10 21:26:34 2025

Source 1
---------

   ODB: M:/Documents/abacusfinal/Job-3.odb
   Step: Load
   Frame: Increment      1: Step Time =    1.000

Loc 1 : Integration point values from source 1

Output sorted by column "Element Label".

Field Output reported at integration points for part: TRUSS-1

   Element Label             Int         S.Mises     S.Max. In-P  S.Max. In-P(a)     S.Min. In-P     S.Max. Prin  S.Max. Prin(a)     S.Min. Prin        S.Tresca      S.Pressure     S.Third Inv           S.S11
                              Pt          @Loc 1          @Loc 1          @Loc 1          @Loc 1          @Loc 1          @Loc 1          @Loc 1          @Loc 1          @Loc 1          @Loc 1          @Loc 1
-----------------------------------------------------------------------------------------------------------------------------------------------------------------------------------------------------------------
               1               1          656.25              0.         -656.25         -656.25              0.         -656.25         -656.25          656.25          218.75         -656.25         -656.25
               2               1     1.09375E+03              0.    -1.09375E+03    -1.09375E+03              0.    -1.09375E+03    -1.09375E+03     1.09375E+03         364.583    -1.09375E+03    -1.09375E+03
               3               1           93.75           93.75           93.75              0.           93.75           93.75              0.           93.75          -31.25           93.75           93.75
               4               1            875.            875.            875.              0.            875.            875.              0.            875.        -291.667            875.            875.
               5               1            400.            400.            400.              0.            400.            400.              0.            400.        -133.333            400.            400.
               6               1             75.             75.             75.              0.             75.             75.              0.             75.            -25.             75.             75.
               7               1           31.25           31.25           31.25              0.           31.25           31.25              0.           31.25        -10.4167           31.25           31.25
               8               1          531.25              0.         -531.25         -531.25              0.         -531.25         -531.25          531.25         177.083         -531.25         -531.25
               9               1          318.75              0.         -318.75         -318.75              0.         -318.75         -318.75          318.75          106.25         -318.75         -318.75
              10               1          531.25              0.         -531.25         -531.25              0.         -531.25         -531.25          531.25         177.083         -531.25         -531.25
              11               1          243.75              0.         -243.75         -243.75              0.         -243.75         -243.75          243.75           81.25         -243.75         -243.75
              12               1            425.            425.            425.              0.            425.            425.              0.            425.        -141.667            425.            425.
              13               1             75.             75.             75.              0.             75.             75.              0.             75.            -25.             75.             75.


  Minimum                                  31.25              0.    -1.09375E+03    -1.09375E+03              0.    -1.09375E+03    -1.09375E+03           31.25        -291.667    -1.09375E+03    -1.09375E+03
      At Element                               7              11               2               2              11               2               2               7               4               2               2
          Int Pt                               1               1               1               1               1               1               1               1               1               1               1

  Maximum                            1.09375E+03            875.            875.              0.            875.            875.              0.     1.09375E+03         364.583            875.            875.
      At Element                               2               4               4              13               4               4              13               2               2               4               4
          Int Pt                               1               1               1               1               1               1               1               1               1               1               1

           Total                        5.35E+03       1.975E+03        -1.4E+03      -3.375E+03       1.975E+03        -1.4E+03      -3.375E+03        5.35E+03         466.667        -1.4E+03        -1.4E+03


********************************************************************************
Field Output Report, written Wed Dec 10 21:27:35 2025

Source 1
---------

   ODB: M:/Documents/abacusfinal/Job-3.odb
   Step: Load
   Frame: Increment      1: Step Time =    1.000

Loc 1 : Nodal values from source 1

Output sorted by column "Node Label".

Field Output reported at nodes for part: TRUSS-1

      Node Label    RF.Magnitude          RF.RF1          RF.RF2     U.Magnitude            U.U1            U.U2
                          @Loc 1          @Loc 1          @Loc 1          @Loc 1          @Loc 1          @Loc 1
-----------------------------------------------------------------------------------------------------------------
               1              0.              0.              0.     5.01113E-06     285.714E-09    -5.00298E-06
               2              0.              0.              0.     3.80036E-06    -651.786E-09    -3.74405E-06
               3     6.06636E+03     -2.8125E+03       5.375E+03              0.     2.81250E-33    -4.37500E-33
               4              0.              0.              0.     5.41237E-06    -133.929E-09    -5.41071E-06
               5              0.              0.              0.     5.76992E-06    -241.071E-09    -5.76488E-06
               6              0.              0.              0.     2.96693E-06    -348.214E-09    -2.94643E-06
               7              0.              0.              0.     2.26176E-06     741.071E-09    -2.13690E-06
               8     3.52502E+03      2.8125E+03       2.125E+03              0.    -2.81250E-33    -2.12500E-33


  Minimum                     0.     -2.8125E+03              0.              0.    -651.786E-09    -5.76488E-06
         At Node               7               3               7               8               2               5

  Maximum            6.06636E+03      2.8125E+03       5.375E+03     5.76992E-06     741.071E-09    -2.12500E-33
         At Node               3               8               3               5               7               8

           Total     9.59139E+03              0.         7.5E+03     25.2225E-06    -348.214E-09    -25.0060E-06


********************************************************************************
Field Output Report, written Wed Dec 10 21:27:49 2025

Source 1
---------

   ODB: M:/Documents/abacusfinal/Job-4.odb
   Step: Load
   Frame: Increment      1: Step Time =    1.000

Loc 1 : Nodal values from source 1

Output sorted by column "Node Label".

Field Output reported at nodes for part: TRUSS-1

      Node Label    RF.Magnitude          RF.RF1          RF.RF2     U.Magnitude            U.U1            U.U2
                          @Loc 1          @Loc 1          @Loc 1          @Loc 1          @Loc 1          @Loc 1
-----------------------------------------------------------------------------------------------------------------
               1              0.              0.              0.     7.06914E-06     1.89286E-06    -6.81101E-06
               2              0.              0.              0.     5.04077E-06     955.357E-09    -4.94940E-06
               3       5.375E+03              0.       5.375E+03     3.21429E-06     3.21429E-06    -4.37500E-33
               4              0.              0.              0.     6.99687E-06     2.27679E-06    -6.61607E-06
               5              0.              0.              0.     7.69514E-06     1.36607E-06    -7.57292E-06
               6              0.              0.              0.     4.17668E-06     455.357E-09    -4.15179E-06
               7              0.              0.              0.     4.08471E-06     2.34821E-06    -3.34226E-06
               8       2.125E+03    -1.81899E-12       2.125E+03              0.              0.    -2.12500E-33


  Minimum                     0.    -1.81899E-12              0.              0.              0.    -7.57292E-06
         At Node               7               8               7               8               8               5

  Maximum              5.375E+03              0.       5.375E+03     7.69514E-06     3.21429E-06    -2.12500E-33
         At Node               3               7               3               5               3               8

           Total         7.5E+03    -1.81899E-12         7.5E+03     38.2776E-06     12.5089E-06    -33.4435E-06


